// Jest Snapshot v1, https://goo.gl/fbAQLP

exports[`should render a Buttoncount 1`] = `
<button
  id="counter"
  onClick={[Function]}
>
  Count 
  0
</button>
`;
